==============================================================================
Tests                                                                         
==============================================================================
Tests.testDemo5 :: To Validate the login form                                 
==============================================================================
Validate invalid successful login into the application                | PASS |
------------------------------------------------------------------------------
Validate Cards display in the shopping Page                           | PASS |
------------------------------------------------------------------------------
Navigate to the URl and navigate to child window                      | PASS |
------------------------------------------------------------------------------
Tests.testDemo5 :: To Validate the login form                         | PASS |
3 tests, 3 passed, 0 failed
==============================================================================
Tests                                                                 | PASS |
3 tests, 3 passed, 0 failed
==============================================================================
Output:  D:\RobotFramework\Tests\pabot_results\4\output.xml
