==============================================================================
Tests                                                                         
==============================================================================
Tests.testDemo1 :: To Validate the login form                                 
==============================================================================
Validate successful login into the application                        | PASS |
------------------------------------------------------------------------------
Tests.testDemo1 :: To Validate the login form                         | PASS |
1 test, 1 passed, 0 failed
==============================================================================
Tests                                                                 | PASS |
1 test, 1 passed, 0 failed
==============================================================================
Output:  D:\RobotFramework\Tests\pabot_results\0\output.xml
