==============================================================================
Tests                                                                         
==============================================================================
Tests.testDemo3 :: To Validate the login form                                 
==============================================================================
Validate login with email ID from the hyperlink                       | PASS |
------------------------------------------------------------------------------
Tests.testDemo3 :: To Validate the login form                         | PASS |
1 test, 1 passed, 0 failed
==============================================================================
Tests                                                                 | PASS |
1 test, 1 passed, 0 failed
==============================================================================
Output:  D:\RobotFramework\Tests\pabot_results\2\output.xml
